Energia Elétrica kWh,"5.253","17.880","0,96383639","17.233,37"
Contrib. Custeio Ilum Pública,,,,"861,60"
Liminar % Variável sobre a TE,,,,"-757,15"
Liminar ICMS Bandeira Vermelha,,,,"-77,88"
Liminar ICMS Bandeira Amarela,,,,"-82,44"
Liminar ICMS TUSD-Consumo,,,,"-2.738,20"
Bandeira Amarela,,,,"274,80"
Bandeira Vermelha,,,,"259,61"
