"0","0","0,0160","0,0","0,0640","0,0","0,00","0,0","0,0160","0,0"
"300.710","289.535","1,6000","0,0","0,0640","0,0","0,00","0,0","0,0160","0,0"
